----------------------------------
Name: Aili Gong
Student ID :s3443647
Email :s3443647@student.rmit.edu.au

Name: Catherine Thomas
Student ID :s3784710
Email :s3784710@student.rmit.edu.au

Name: Sam Mellor
Student ID :s3491308
Email :s3491308@student.rmit.edu.au
----------------------------------