Enter the filename from which to load a game 
> game1.azul

Azul game successfully loaded
