=== Start Round ===
TURN FOR PLAYER: A
Factories:
0: F
1: R Y Y U
2: R B B B
3: B L L L
4: R R U U
5: R Y B L

Mosaic for A:
1:         . || . . . . .
2:       . . || . . . . .
3:     . . . || . . . . .
4:   . . . . || . . . . .
5: . . . . . || . . . . .
broken:

Enter your turn:
> turn 2 B 3
Turn successful.

TURN FOR PLAYER: B
Factories:
0: F R
1: R Y Y U
2:
3: B L L L
4: R R U U
5: R Y B L

Mosaic for B:
1:         . || . . . . .
2:       . . || . . . . .
3:     . . . || . . . . .
4:   . . . . || . . . . .
5: . . . . . || . . . . .
broken:
> turn 3 L 3
Turn successful.

TURN FOR PLAYER: A
Factories:
0: F R B 
1: R Y Y U
2: 
3: 
4: R R U U
5: R Y B L

Mosaic for A:
1:         . || . . . . .
2:       . . || . . . . .
3:     B B B || . . . . .
4:   . . . . || . . . . .
5: . . . . . || . . . . .
broken:

Enter your turn:
> turn 1 Y 2
Turn successful.

TURN FOR PLAYER: B
Factories:
0: F R B R U
1: 
2: 
3: 
4: R R U U
5: R Y B L

Mosaic for B:
1:         . || . . . . .
2:       . . || . . . . .
3:     L L L || . . . . .
4:   . . . . || . . . . .
5: . . . . . || . . . . .
broken:

Enter your turn:
> turn 5 Y 1
Turn successful.

TURN FOR PLAYER: A
Factories:
0: F R B R U R B L
1: 
2: 
3: 
4: R R U U
5: 

Mosaic for A:
1:         . || . . . . .
2:       Y Y || . . . . .
3:     B B B || . . . . .
4:   . . . . || . . . . .
5: . . . . . || . . . . .
broken:

Enter your turn:
> turn 4 U 5
Turn successful.

TURN FOR PLAYER: B
Factories:
0: F R B R U R B L R R 
1: 
2: 
3: 
4: 
5: 

Mosaic for B:
1:         Y || . . . . .
2:       . . || . . . . .
3:     L L L || . . . . .
4:   . . . . || . . . . .
5: . . . . . || . . . . .
broken:

Enter your turn:
> turn 0 B 2
Turn successful.

TURN FOR PLAYER: A
Factories:
0: R R U R L R R 
1: 
2: 
3: 
4: 
5: 

Mosaic for A:
1:         . || . . . . .
2:       Y Y || . . . . .
3:     B B B || . . . . .
4:   . . . . || . . . . .
5: . . . U U || . . . . .
broken:

Enter your turn:
> turn 0 L 1
Turn successful.

TURN FOR PLAYER: B
Factories:
0: R R U R R R 
1: 
2: 
3: 
4: 
5: 

Mosaic for B:
1:         Y || . . . . .
2:       B B || . . . . .
3:     L L L || . . . . .
4:   . . . . || . . . . .
5: . . . . . || . . . . .
broken: F

Enter your turn:
> turn 0 R 5
Turn successful.

TURN FOR PLAYER: A
Factories:
0: U   
1: 
2: 
3: 
4: 
5: 

Mosaic for A:
1:         L || . . . . .
2:       Y Y || . . . . .
3:     B B B || . . . . .
4:   . . . . || . . . . .
5: . . . U U || . . . . .
broken:

Enter your turn:
> turn 0 U 5
Turn successful.

=== END OF ROUND ===