Factories:
0: F R B
1: R Y Y U
2:
3:
4: R R U U
5: R Y B L

Score for A: 0
Mosaic for A:
1:         . || . . . . . 
2:       . . || . . . . . 
3:     B B B || . . . . . 
4:   . . . . || . . . . . 
5: . . . . . || . . . . . 
broken:

Score for B: 0
Mosaic for B:
1:         . || . . . . . 
2:       . . || . . . . . 
3:     L L L || . . . . . 
4:   . . . . || . . . . . 
5: . . . . . || . . . . . 
broken:
