Received turn specification while reading player names
