Factories:
0: F
1: R R B U
2: B L B U
3: Y L B R
4: O O U R
5: O L R L

Score for a: 0
Mosaic for a:
1:           . || . . . . . . 
2:         . . || . . . . . . 
3:       . . . || . . . . . . 
4:     . . . . || . . . . . . 
5:   . . . . . || . . . . . . 
6: . . . . . . || . . . . . . 
broken:

Score for b: 0
Mosaic for b:
1:           . || . . . . . . 
2:         . . || . . . . . . 
3:       . . . || . . . . . . 
4:     . . . . || . . . . . . 
5:   . . . . . || . . . . . . 
6: . . . . . . || . . . . . . 
broken:
