Factories:
0: F
1: O Y B U
2: R O B U
3: O B Y Y
4: R L R R
5: Y L Y Y

Score for a: 3
Mosaic for a:
1:           . || . . . . L . 
2:         . . || . . . R . . 
3:       . . . || L . . . . . 
4:     . . B B || . . . . . . 
5:   . . . . Y || . . . . . . 
6: . . . . . . || . . . . . . 
broken:

Score for b: 2
Mosaic for b:
1:           . || . . . . . . 
2:         . . || . B . . . . 
3:       . . . || . O . . . . 
4:     . R R R || . . . . . . 
5:   . . U U U || . . . . . . 
6: . . . . . . || . . . . . . 
broken:
