Factories:
0: F U L B Y U L L B Y Y R U L B R
1:
2:
3:
4:
5:

Score for a: 1
Mosaic for a:
1:         R || . . . . . 
2:       B B || . . . . . 
3:     . . . || U . . . . 
4:   . . . . || . . . . Y 
5: . . . . . || . . . . . 
broken:

Score for b: 0
Mosaic for b:
1:         Y || . . . . . 
2:       . . || . B . . . 
3:     . . . || . L . . . 
4:   . . . U || . . . . . 
5: R R R R R || . . . . . 
broken:
