Factories:
0: F
1: B Y R U
2: L B Y R
3: U L B Y
4: R U L B
5: Y R U L

Score for a: 1
Mosaic for a:
1:         . || . . . . . 
2:       . B || . . . . . 
3:     . . . || U . . . . 
4:   . . . . || . . . . Y 
5: . . . . . || . . . . . 
broken:

Score for b: 0
Mosaic for b:
1:         . || . . . . . 
2:       . . || . B . . . 
3:     . . . || . L . . . 
4:   . . . . || . . . . . 
5: . R R R R || . . . . . 
broken:
