Factories:
0: B Y B Y Y R B R
1:
2:
3:
4:
5:

Score for a: 2
Mosaic for a:
1:         R || . . . . . 
2:       B B || . . . . . 
3:     . . . || . . . . U 
4:   . . . . || . . . . Y 
5: . L L L L || . . . . . 
broken: F

Score for b: 0
Mosaic for b:
1:         Y || . . . . . 
2:       . . || . . . . B 
3:     . . . || . . . . L 
4:   U U U U || . . . . . 
5: R R R R R || . . . . . 
broken:
