Factories:
0: F
1: R U L O
2: B Y R U
3: L O B Y
4: R U L O
5: B Y R U

Score for a: 5
Mosaic for a:
1:           . || . . . . . . 
2:         . . || . . . . . B 
3:       . . . || . . . . . U 
4:     . . . . || . . . . . Y 
5:   . . O O O || . . . . . . 
6: . . . . . . || . . . . . . 
broken:

Score for b: 3
Mosaic for b:
1:           . || . . . . . . 
2:         . . || . . . . . B 
3:       . . . || . . . . . L 
4:     . . . . || . . . . . . 
5:   . . R R R || . . . . . . 
6: . . . . . . || . . . . . . 
broken:
